// Jest Snapshot v1, https://goo.gl/fbAQLP

exports[`snapshot test 1`] = `
{
  "Outputs": {
    "webapiEndpoint3B3FAFEB": {
      "Value": {
        "Fn::Join": [
          "",
          [
            "https://",
            {
              "Ref": "webapiFE47F609",
            },
            ".execute-api.",
            {
              "Ref": "AWS::Region",
            },
            ".",
            {
              "Ref": "AWS::URLSuffix",
            },
            "/",
            {
              "Ref": "webapiDeploymentStageprodB0DEAB38",
            },
            "/",
          ],
        ],
      },
    },
  },
  "Parameters": {
    "BootstrapVersion": {
      "Default": "/cdk-bootstrap/hnb659fds/version",
      "Description": "Version of the CDK Bootstrap resources in this environment, automatically retrieved from SSM Parameter Store. [cdk:skip]",
      "Type": "AWS::SSM::Parameter::Value<String>",
    },
  },
  "Resources": {
    "helloworldfunction8252912C": {
      "DependsOn": [
        "helloworldfunctionServiceRole0327FCC6",
      ],
      "Properties": {
        "Code": {
          "S3Bucket": {
            "Fn::Sub": "cdk-hnb659fds-assets-\${AWS::AccountId}-\${AWS::Region}",
          },
          "S3Key": "HASH-REPLACED.zip",
        },
        "Environment": {
          "Variables": {
            "AWS_NODEJS_CONNECTION_REUSE_ENABLED": "1",
          },
        },
        "Handler": "index.lambdaHandler",
        "MemorySize": 256,
        "Role": {
          "Fn::GetAtt": [
            "helloworldfunctionServiceRole0327FCC6",
            "Arn",
          ],
        },
        "Runtime": "nodejs20.x",
        "Timeout": 30,
      },
      "Type": "AWS::Lambda::Function",
    },
    "helloworldfunctionServiceRole0327FCC6": {
      "Properties": {
        "AssumeRolePolicyDocument": {
          "Statement": [
            {
              "Action": "sts:AssumeRole",
              "Effect": "Allow",
              "Principal": {
                "Service": "lambda.amazonaws.com",
              },
            },
          ],
          "Version": "2012-10-17",
        },
        "ManagedPolicyArns": [
          {
            "Fn::Join": [
              "",
              [
                "arn:",
                {
                  "Ref": "AWS::Partition",
                },
                ":iam::aws:policy/service-role/AWSLambdaBasicExecutionRole",
              ],
            ],
          },
        ],
      },
      "Type": "AWS::IAM::Role",
    },
    "webapiAccount1B71C2D2": {
      "DeletionPolicy": "Retain",
      "DependsOn": [
        "webapiFE47F609",
      ],
      "Properties": {
        "CloudWatchRoleArn": {
          "Fn::GetAtt": [
            "webapiCloudWatchRole64394164",
            "Arn",
          ],
        },
      },
      "Type": "AWS::ApiGateway::Account",
      "UpdateReplacePolicy": "Retain",
    },
    "webapiCloudWatchRole64394164": {
      "DeletionPolicy": "Retain",
      "Properties": {
        "AssumeRolePolicyDocument": {
          "Statement": [
            {
              "Action": "sts:AssumeRole",
              "Effect": "Allow",
              "Principal": {
                "Service": "apigateway.amazonaws.com",
              },
            },
          ],
          "Version": "2012-10-17",
        },
        "ManagedPolicyArns": [
          {
            "Fn::Join": [
              "",
              [
                "arn:",
                {
                  "Ref": "AWS::Partition",
                },
                ":iam::aws:policy/service-role/AmazonAPIGatewayPushToCloudWatchLogs",
              ],
            ],
          },
        ],
      },
      "Type": "AWS::IAM::Role",
      "UpdateReplacePolicy": "Retain",
    },
    "webapiDeployment17CB5080176caf9e2050ae4c1363efc7d62644ac": {
      "DependsOn": [
        "webapihelloGETAAA8CA38",
        "webapihelloBB51E2BE",
      ],
      "Properties": {
        "Description": "Automatically created by the RestApi construct",
        "RestApiId": {
          "Ref": "webapiFE47F609",
        },
      },
      "Type": "AWS::ApiGateway::Deployment",
    },
    "webapiDeploymentStageprodB0DEAB38": {
      "DependsOn": [
        "webapiAccount1B71C2D2",
      ],
      "Properties": {
        "DeploymentId": {
          "Ref": "webapiDeployment17CB5080176caf9e2050ae4c1363efc7d62644ac",
        },
        "RestApiId": {
          "Ref": "webapiFE47F609",
        },
        "StageName": "prod",
      },
      "Type": "AWS::ApiGateway::Stage",
    },
    "webapiFE47F609": {
      "Properties": {
        "Name": "hello-world-api",
      },
      "Type": "AWS::ApiGateway::RestApi",
    },
    "webapihelloBB51E2BE": {
      "Properties": {
        "ParentId": {
          "Fn::GetAtt": [
            "webapiFE47F609",
            "RootResourceId",
          ],
        },
        "PathPart": "hello",
        "RestApiId": {
          "Ref": "webapiFE47F609",
        },
      },
      "Type": "AWS::ApiGateway::Resource",
    },
    "webapihelloGETAAA8CA38": {
      "Properties": {
        "AuthorizationType": "NONE",
        "HttpMethod": "GET",
        "Integration": {
          "IntegrationHttpMethod": "POST",
          "Type": "AWS_PROXY",
          "Uri": {
            "Fn::Join": [
              "",
              [
                "arn:",
                {
                  "Ref": "AWS::Partition",
                },
                ":apigateway:",
                {
                  "Ref": "AWS::Region",
                },
                ":lambda:path/2015-03-31/functions/",
                {
                  "Fn::GetAtt": [
                    "helloworldfunction8252912C",
                    "Arn",
                  ],
                },
                "/invocations",
              ],
            ],
          },
        },
        "ResourceId": {
          "Ref": "webapihelloBB51E2BE",
        },
        "RestApiId": {
          "Ref": "webapiFE47F609",
        },
      },
      "Type": "AWS::ApiGateway::Method",
    },
    "webapihelloGETApiPermissionTestStackwebapi752F84DBGEThelloA49C3158": {
      "Properties": {
        "Action": "lambda:InvokeFunction",
        "FunctionName": {
          "Fn::GetAtt": [
            "helloworldfunction8252912C",
            "Arn",
          ],
        },
        "Principal": "apigateway.amazonaws.com",
        "SourceArn": {
          "Fn::Join": [
            "",
            [
              "arn:",
              {
                "Ref": "AWS::Partition",
              },
              ":execute-api:",
              {
                "Ref": "AWS::Region",
              },
              ":",
              {
                "Ref": "AWS::AccountId",
              },
              ":",
              {
                "Ref": "webapiFE47F609",
              },
              "/",
              {
                "Ref": "webapiDeploymentStageprodB0DEAB38",
              },
              "/GET/hello",
            ],
          ],
        },
      },
      "Type": "AWS::Lambda::Permission",
    },
    "webapihelloGETApiPermissionTestTestStackwebapi752F84DBGEThello865FA198": {
      "Properties": {
        "Action": "lambda:InvokeFunction",
        "FunctionName": {
          "Fn::GetAtt": [
            "helloworldfunction8252912C",
            "Arn",
          ],
        },
        "Principal": "apigateway.amazonaws.com",
        "SourceArn": {
          "Fn::Join": [
            "",
            [
              "arn:",
              {
                "Ref": "AWS::Partition",
              },
              ":execute-api:",
              {
                "Ref": "AWS::Region",
              },
              ":",
              {
                "Ref": "AWS::AccountId",
              },
              ":",
              {
                "Ref": "webapiFE47F609",
              },
              "/test-invoke-stage/GET/hello",
            ],
          ],
        },
      },
      "Type": "AWS::Lambda::Permission",
    },
  },
  "Rules": {
    "CheckBootstrapVersion": {
      "Assertions": [
        {
          "Assert": {
            "Fn::Not": [
              {
                "Fn::Contains": [
                  [
                    "1",
                    "2",
                    "3",
                    "4",
                    "5",
                  ],
                  {
                    "Ref": "BootstrapVersion",
                  },
                ],
              },
            ],
          },
          "AssertDescription": "CDK bootstrap stack version 6 required. Please run 'cdk bootstrap' with a recent version of the CDK CLI.",
        },
      ],
    },
  },
}
`;
